Downloading https://services.gradle.org/distributions/gradle-8.11.1-all.zip
...........................................................................................................................................................................................................................
Unzipping /Users/a.vladislavov/.gradle/wrapper/dists/gradle-8.11.1-all/2qik7nd48slq1ooc2496ixf4i/gradle-8.11.1-all.zip to /Users/a.vladislavov/.gradle/wrapper/dists/gradle-8.11.1-all/2qik7nd48slq1ooc2496ixf4i
Set executable permissions for: /Users/a.vladislavov/.gradle/wrapper/dists/gradle-8.11.1-all/2qik7nd48slq1ooc2496ixf4i/gradle-8.11.1/bin/gradle

Welcome to Gradle 8.11.1!

Here are the highlights of this release:
 - Parallel load and store for Configuration Cache
 - Java compilation errors at the end of the build output
 - Consolidated report for warnings and deprecations

For more details see https://docs.gradle.org/8.11.1/release-notes.html

Starting a Gradle Daemon (subsequent builds will be faster)
Configuration on demand is an incubating feature.

FAILURE: Build failed with an exception.

* What went wrong:
Could not determine the dependencies of task ':app:compileDebugJavaWithJavac'.
> SDK location not found. Define a valid SDK location with an ANDROID_HOME environment variable or by setting the sdk.dir path in your project's local properties file at '/Users/a.vladislavov/projects/oss/EnGarde/local.properties'.

* Try:
> Run with --stacktrace option to get the stack trace.
> Run with --info or --debug option to get more log output.
> Run with --scan to get full insights.
> Get more help at https://help.gradle.org.

BUILD FAILED in 32s
