Configuration on demand is an incubating feature.
> Task :app:checkKotlinGradlePluginConfigurationErrors SKIPPED
> Task :app:preBuild UP-TO-DATE
> Task :app:preDebugBuild UP-TO-DATE
> Task :app:checkDebugAarMetadata UP-TO-DATE
> Task :app:injectCrashlyticsMappingFileIdDebug UP-TO-DATE
> Task :app:processDebugGoogleServices UP-TO-DATE
> Task :app:mapDebugSourceSetPaths UP-TO-DATE
> Task :app:generateDebugResources UP-TO-DATE
> Task :app:mergeDebugResources UP-TO-DATE
> Task :app:packageDebugResources UP-TO-DATE
> Task :app:parseDebugLocalResources UP-TO-DATE
> Task :app:createDebugCompatibleScreenManifests UP-TO-DATE
> Task :app:extractDeepLinksDebug UP-TO-DATE
> Task :app:processDebugMainManifest UP-TO-DATE
> Task :app:processDebugManifest UP-TO-DATE
> Task :app:processDebugManifestForPackage UP-TO-DATE
> Task :app:processDebugResources UP-TO-DATE
> Task :app:kspDebugKotlin UP-TO-DATE
> Task :app:compileDebugKotlin UP-TO-DATE
> Task :app:javaPreCompileDebug UP-TO-DATE
> Task :app:compileDebugJavaWithJavac NO-SOURCE
> Task :app:bundleDebugClassesToCompileJar UP-TO-DATE
> Task :app:preDebugAndroidTestBuild SKIPPED
> Task :app:generateDebugAndroidTestLintModel UP-TO-DATE
> Task :app:extractProguardFiles UP-TO-DATE
> Task :app:generateDebugLintReportModel UP-TO-DATE
> Task :app:preDebugUnitTestBuild UP-TO-DATE
> Task :app:generateDebugUnitTestLintModel UP-TO-DATE
> Task :app:lintAnalyzeDebug UP-TO-DATE
> Task :app:lintAnalyzeDebugAndroidTest UP-TO-DATE
> Task :app:lintAnalyzeDebugUnitTest UP-TO-DATE
> Task :app:lintReportDebug UP-TO-DATE
> Task :app:lintDebug

BUILD SUCCESSFUL in 834ms
27 actionable tasks: 1 executed, 26 up-to-date
