Configuration on demand is an incubating feature.
> Task :app:checkKotlinGradlePluginConfigurationErrors SKIPPED
> Task :app:preBuild UP-TO-DATE
> Task :app:preDebugBuild UP-TO-DATE
> Task :app:checkDebugAarMetadata UP-TO-DATE
> Task :app:injectCrashlyticsMappingFileIdDebug UP-TO-DATE
> Task :app:processDebugGoogleServices UP-TO-DATE
> Task :app:mapDebugSourceSetPaths UP-TO-DATE
> Task :app:generateDebugResources UP-TO-DATE
> Task :app:mergeDebugResources UP-TO-DATE
> Task :app:packageDebugResources UP-TO-DATE
> Task :app:parseDebugLocalResources UP-TO-DATE
> Task :app:createDebugCompatibleScreenManifests UP-TO-DATE
> Task :app:extractDeepLinksDebug UP-TO-DATE
> Task :app:processDebugMainManifest UP-TO-DATE
> Task :app:processDebugManifest UP-TO-DATE
> Task :app:processDebugManifestForPackage UP-TO-DATE
> Task :app:processDebugResources UP-TO-DATE
> Task :app:kspDebugKotlin UP-TO-DATE
> Task :app:compileDebugKotlin UP-TO-DATE
> Task :app:javaPreCompileDebug UP-TO-DATE
> Task :app:compileDebugJavaWithJavac NO-SOURCE
> Task :app:preDebugAndroidTestBuild SKIPPED
> Task :app:extractProguardFiles
> Task :app:bundleDebugClassesToCompileJar
> Task :app:generateDebugLintReportModel
> Task :app:generateDebugAndroidTestLintModel
> Task :app:preDebugUnitTestBuild UP-TO-DATE
> Task :app:generateDebugUnitTestLintModel
> Task :app:lintAnalyzeDebugUnitTest
> Task :app:lintAnalyzeDebugAndroidTest
> Task :app:lintAnalyzeDebug

> Task :app:lintReportDebug
Wrote HTML report to file:///Users/a.vladislavov/projects/oss/EnGarde/app/build/reports/lint-results-debug.html

> Task :app:lintDebug FAILED
Lint found 67 errors, 215 warnings. First failure:

/Users/a.vladislavov/projects/oss/EnGarde/app/src/main/res/values/strings.xml:82: Error: "select_mode" is not translated in "ru" (Russian) [MissingTranslation]
    <string name="select_mode">Выберите режим</string>
            ~~~~~~~~~~~~~~~~~~

The full lint text report is located at:
  /Users/a.vladislavov/projects/oss/EnGarde/app/build/intermediates/lint_intermediate_text_report/debug/lintReportDebug/lint-results-debug.txt

FAILURE: Build failed with an exception.

* What went wrong:
Execution failed for task ':app:lintDebug'.
> Lint found errors in the project; aborting build.
  
  Fix the issues identified by lint, or create a baseline to see only new errors.
  To create a baseline, run `gradlew updateLintBaseline` after adding the following to the module's build.gradle file:
  ```
  android {
      lint {
          baseline = file("lint-baseline.xml")
      }
  }
  ```
  For more details, see https://developer.android.com/studio/write/lint#snapshot
  
  Lint found 67 errors, 215 warnings. First failure:
  
  /Users/a.vladislavov/projects/oss/EnGarde/app/src/main/res/values/strings.xml:82: Error: "select_mode" is not translated in "ru" (Russian) [MissingTranslation]
      <string name="select_mode">Выберите режим</string>
              ~~~~~~~~~~~~~~~~~~
  
  The full lint text report is located at:
    /Users/a.vladislavov/projects/oss/EnGarde/app/build/intermediates/lint_intermediate_text_report/debug/lintReportDebug/lint-results-debug.txt

* Try:
> Run with --stacktrace option to get the stack trace.
> Run with --info or --debug option to get more log output.
> Run with --scan to get full insights.
> Get more help at https://help.gradle.org.

BUILD FAILED in 28s
27 actionable tasks: 10 executed, 17 up-to-date
